
*** Running vivado
    with args -log design_1_math_accelerator_0_0.vds -m64 -product Vivado -mode batch -messageDb vivado.pb -notrace -source design_1_math_accelerator_0_0.tcl

INFO: [Common 17-3922] A valid Vivado Design Suite BASIC license has been detected. Your current license is active and will expire on 27-aug-2027.
#-----------------------------------------------------------
# Vivado v2026.1 (64-bit)
# SW Build 6511674 on Tue Jun 16 11:01:26 MDT 2026
# IP Build 6504888 on Tue Jun 09 09:05:25 MDT 2026
# SharedData Build 6501428 on Mon Jun 08 17:34:18 MDT 2026
# Start of session at: Fri Aug 28 14:42:49 2026
# Process ID         : 57364
# Current directory  : /home/adam-lorenz/Main/Vivado_Projects/loopback_project/loopback_project.runs/design_1_math_accelerator_0_0_synth_1
# Command line       : vivado -log design_1_math_accelerator_0_0.vds -product Vivado -mode batch -messageDb vivado.pb -notrace -source design_1_math_accelerator_0_0.tcl
# Log file           : /home/adam-lorenz/Main/Vivado_Projects/loopback_project/loopback_project.runs/design_1_math_accelerator_0_0_synth_1/design_1_math_accelerator_0_0.vds
# Journal file       : /home/adam-lorenz/Main/Vivado_Projects/loopback_project/loopback_project.runs/design_1_math_accelerator_0_0_synth_1/vivado.jou
# Running On         : adam-lorenz-MS-7D43
# Platform           : Ubuntu
# Operating System   : Ubuntu 24.04.4 LTS
# Processor Detail   : 12th Gen Intel(R) Core(TM) i5-12400
# CPU Frequency      : 4000.000 MHz
# CPU Physical cores : 6
# CPU Logical cores  : 12
# Host memory        : 16540 MB
# Swap memory        : 4294 MB
# Total Virtual      : 20835 MB
# Available Virtual  : 11108 MB
#-----------------------------------------------------------

****** Vivado v2026.1 (64-bit)
  **** SW Build 6511674 on Tue Jun 16 11:01:26 MDT 2026
  **** IP Build 6504888 on Tue Jun 09 09:05:25 MDT 2026
  **** SharedData Build 6501428 on Mon Jun 08 17:34:18 MDT 2026
  **** Start of session at: Fri Aug 28 14:42:49 2026
    ** Copyright 1986-2022 Xilinx, Inc. All Rights Reserved.
    ** Copyright 2022-2026 Advanced Micro Devices, Inc. All Rights Reserved.

source design_1_math_accelerator_0_0.tcl -notrace
INFO: [IP_Flow 19-234] Refreshing IP repositories
INFO: [IP_Flow 19-1700] Loaded user IP repository '/home/adam-lorenz/Main/Vivado_Projects/ip_repo/math_accelerator_1_0'.
INFO: [IP_Flow 19-2313] Loaded Vivado IP repository '/home/adam-lorenz/2026.1/data/ip'.
Command: synth_design -top design_1_math_accelerator_0_0 -part xc7z020clg400-1 -incremental_mode off -mode out_of_context
Starting synth_design
Attempting to get a license for feature 'Vivado_Synthesis' and/or device 'xc7z020'
INFO: [Common 17-349] Got license for feature 'Vivado_Synthesis' and/or device 'xc7z020'
INFO: [Device 21-403] Loading part xc7z020clg400-1
INFO: [Designutils 20-5008] Incremental synthesis strategy off
INFO: [Synth 8-7079] Multithreading enabled for synth_design using a maximum of 7 processes.
INFO: [Synth 8-7078] Launching helper process for spawning children vivado processes
INFO: [Synth 8-7075] Helper process launched with PID 57675
---------------------------------------------------------------------------------
Starting RTL Elaboration : Time (s): cpu = 00:00:03 ; elapsed = 00:00:03 . Memory (MB): peak = 2412.125 ; gain = 515.094 ; free physical = 218 ; free virtual = 5496
---------------------------------------------------------------------------------
INFO: [Synth 8-6157] synthesizing module 'design_1_math_accelerator_0_0' [/home/adam-lorenz/Main/Vivado_Projects/loopback_project/loopback_project.gen/sources_1/bd/design_1/ip/design_1_math_accelerator_0_0/synth/design_1_math_accelerator_0_0.v:53]
INFO: [Synth 8-6157] synthesizing module 'math_accelerator' [/home/adam-lorenz/Main/Vivado_Projects/loopback_project/loopback_project.gen/sources_1/bd/design_1/ipshared/2efa/hdl/math_accelerator.v:4]
INFO: [Synth 8-6157] synthesizing module 'math_accelerator_slave_lite_v1_0_S00_AXI' [/home/adam-lorenz/Main/Vivado_Projects/loopback_project/loopback_project.gen/sources_1/bd/design_1/ipshared/2efa/hdl/math_accelerator_slave_lite_v1_0_S00_AXI.v:4]
INFO: [Synth 8-155] case statement is not full and has no default [/home/adam-lorenz/Main/Vivado_Projects/loopback_project/loopback_project.gen/sources_1/bd/design_1/ipshared/2efa/hdl/math_accelerator_slave_lite_v1_0_S00_AXI.v:141]
INFO: [Synth 8-226] default block is never used [/home/adam-lorenz/Main/Vivado_Projects/loopback_project/loopback_project.gen/sources_1/bd/design_1/ipshared/2efa/hdl/math_accelerator_slave_lite_v1_0_S00_AXI.v:215]
INFO: [Synth 8-155] case statement is not full and has no default [/home/adam-lorenz/Main/Vivado_Projects/loopback_project/loopback_project.gen/sources_1/bd/design_1/ipshared/2efa/hdl/math_accelerator_slave_lite_v1_0_S00_AXI.v:268]
INFO: [Synth 8-6155] done synthesizing module 'math_accelerator_slave_lite_v1_0_S00_AXI' (0#1) [/home/adam-lorenz/Main/Vivado_Projects/loopback_project/loopback_project.gen/sources_1/bd/design_1/ipshared/2efa/hdl/math_accelerator_slave_lite_v1_0_S00_AXI.v:4]
INFO: [Synth 8-6155] done synthesizing module 'math_accelerator' (0#1) [/home/adam-lorenz/Main/Vivado_Projects/loopback_project/loopback_project.gen/sources_1/bd/design_1/ipshared/2efa/hdl/math_accelerator.v:4]
INFO: [Synth 8-6155] done synthesizing module 'design_1_math_accelerator_0_0' (0#1) [/home/adam-lorenz/Main/Vivado_Projects/loopback_project/loopback_project.gen/sources_1/bd/design_1/ip/design_1_math_accelerator_0_0/synth/design_1_math_accelerator_0_0.v:53]
WARNING: [Synth 8-6014] Unused sequential element slv_reg1_reg was removed.  [/home/adam-lorenz/Main/Vivado_Projects/loopback_project/loopback_project.gen/sources_1/bd/design_1/ipshared/2efa/hdl/math_accelerator_slave_lite_v1_0_S00_AXI.v:208]
INFO: [Synth 8-7129] Port S_AXI_AWPROT[2] in module math_accelerator_slave_lite_v1_0_S00_AXI is either unconnected or has no load
INFO: [Synth 8-7129] Port S_AXI_AWPROT[1] in module math_accelerator_slave_lite_v1_0_S00_AXI is either unconnected or has no load
INFO: [Synth 8-7129] Port S_AXI_AWPROT[0] in module math_accelerator_slave_lite_v1_0_S00_AXI is either unconnected or has no load
INFO: [Synth 8-7129] Port S_AXI_ARPROT[2] in module math_accelerator_slave_lite_v1_0_S00_AXI is either unconnected or has no load
INFO: [Synth 8-7129] Port S_AXI_ARPROT[1] in module math_accelerator_slave_lite_v1_0_S00_AXI is either unconnected or has no load
INFO: [Synth 8-7129] Port S_AXI_ARPROT[0] in module math_accelerator_slave_lite_v1_0_S00_AXI is either unconnected or has no load
---------------------------------------------------------------------------------
Finished RTL Elaboration : Time (s): cpu = 00:00:04 ; elapsed = 00:00:05 . Memory (MB): peak = 2513.062 ; gain = 616.031 ; free physical = 179 ; free virtual = 5061
---------------------------------------------------------------------------------
---------------------------------------------------------------------------------
Start Handling Custom Attributes
---------------------------------------------------------------------------------
---------------------------------------------------------------------------------
Finished Handling Custom Attributes : Time (s): cpu = 00:00:04 ; elapsed = 00:00:05 . Memory (MB): peak = 2530.875 ; gain = 633.844 ; free physical = 197 ; free virtual = 5055
---------------------------------------------------------------------------------
---------------------------------------------------------------------------------
Finished RTL Optimization Phase 1 : Time (s): cpu = 00:00:04 ; elapsed = 00:00:05 . Memory (MB): peak = 2530.875 ; gain = 633.844 ; free physical = 197 ; free virtual = 5055
---------------------------------------------------------------------------------
Netlist sorting complete. Time (s): cpu = 00:00:00 ; elapsed = 00:00:00 . Memory (MB): peak = 2530.875 ; gain = 0.000 ; free physical = 206 ; free virtual = 5049
INFO: [Project 1-570] Preparing netlist for logic optimization

Processing XDC Constraints
Initializing timing engine
Completed Processing XDC Constraints

Netlist sorting complete. Time (s): cpu = 00:00:00 ; elapsed = 00:00:00 . Memory (MB): peak = 2633.613 ; gain = 0.000 ; free physical = 206 ; free virtual = 4911
INFO: [Project 1-111] Unisim Transformation Summary:
No Unisim elements were transformed.

Constraint Validation Runtime : Time (s): cpu = 00:00:00.01 ; elapsed = 00:00:00.01 . Memory (MB): peak = 2633.648 ; gain = 0.000 ; free physical = 204 ; free virtual = 4910
INFO: [Designutils 20-5008] Incremental synthesis strategy off
---------------------------------------------------------------------------------
Finished Constraint Validation : Time (s): cpu = 00:00:09 ; elapsed = 00:00:09 . Memory (MB): peak = 2633.648 ; gain = 736.617 ; free physical = 159 ; free virtual = 4889
---------------------------------------------------------------------------------
---------------------------------------------------------------------------------
Start Loading Part and Timing Information
---------------------------------------------------------------------------------
Loading part: xc7z020clg400-1
---------------------------------------------------------------------------------
Finished Loading Part and Timing Information : Time (s): cpu = 00:00:09 ; elapsed = 00:00:09 . Memory (MB): peak = 2641.617 ; gain = 744.586 ; free physical = 159 ; free virtual = 4889
---------------------------------------------------------------------------------
---------------------------------------------------------------------------------
Start Applying 'set_property' XDC Constraints
---------------------------------------------------------------------------------
---------------------------------------------------------------------------------
Finished applying 'set_property' XDC Constraints : Time (s): cpu = 00:00:09 ; elapsed = 00:00:09 . Memory (MB): peak = 2641.617 ; gain = 744.586 ; free physical = 159 ; free virtual = 4889
---------------------------------------------------------------------------------
INFO: [Synth 8-802] inferred FSM for state register 'state_write_reg' in module 'math_accelerator_slave_lite_v1_0_S00_AXI'
INFO: [Synth 8-802] inferred FSM for state register 'state_read_reg' in module 'math_accelerator_slave_lite_v1_0_S00_AXI'
---------------------------------------------------------------------------------------------------
                   State |                     New Encoding |                Previous Encoding 
---------------------------------------------------------------------------------------------------
                    Idle |                               00 |                               00
                   Waddr |                               01 |                               10
                   Wdata |                               10 |                               11
---------------------------------------------------------------------------------------------------
INFO: [Synth 8-3354] encoded FSM with state register 'state_write_reg' using encoding 'sequential' in module 'math_accelerator_slave_lite_v1_0_S00_AXI'
---------------------------------------------------------------------------------------------------
                   State |                     New Encoding |                Previous Encoding 
---------------------------------------------------------------------------------------------------
                    Idle |                               00 |                               00
                   Raddr |                               01 |                               10
                   Rdata |                               10 |                               11
---------------------------------------------------------------------------------------------------
INFO: [Synth 8-3354] encoded FSM with state register 'state_read_reg' using encoding 'sequential' in module 'math_accelerator_slave_lite_v1_0_S00_AXI'
---------------------------------------------------------------------------------
Finished RTL Optimization Phase 2 : Time (s): cpu = 00:00:09 ; elapsed = 00:00:09 . Memory (MB): peak = 2641.617 ; gain = 744.586 ; free physical = 210 ; free virtual = 4894
---------------------------------------------------------------------------------
No constraint files found.
---------------------------------------------------------------------------------
Start RTL Component Statistics 
---------------------------------------------------------------------------------
Detailed RTL Component Info : 
+---Adders : 
	   2 Input   32 Bit       Adders := 1     
+---Registers : 
	               32 Bit    Registers := 3     
	                4 Bit    Registers := 2     
	                2 Bit    Registers := 1     
	                1 Bit    Registers := 5     
+---Muxes : 
	   2 Input   32 Bit        Muxes := 3     
	   4 Input   32 Bit        Muxes := 4     
	   3 Input    2 Bit        Muxes := 2     
	   2 Input    2 Bit        Muxes := 6     
	   2 Input    1 Bit        Muxes := 2     
	   3 Input    1 Bit        Muxes := 13    
---------------------------------------------------------------------------------
Finished RTL Component Statistics 
---------------------------------------------------------------------------------
---------------------------------------------------------------------------------
Start Part Resource Summary
---------------------------------------------------------------------------------
Part Resources:
DSPs: 220 (col length:60)
BRAMs: 280 (col length: RAMB18 60 RAMB36 30)
---------------------------------------------------------------------------------
Finished Part Resource Summary
---------------------------------------------------------------------------------
No constraint files found.
---------------------------------------------------------------------------------
Start Cross Boundary and Area Optimization
---------------------------------------------------------------------------------
INFO: [Synth 8-7129] Port s00_axi_awprot[2] in module design_1_math_accelerator_0_0 is either unconnected or has no load
INFO: [Synth 8-7129] Port s00_axi_awprot[1] in module design_1_math_accelerator_0_0 is either unconnected or has no load
INFO: [Synth 8-7129] Port s00_axi_awprot[0] in module design_1_math_accelerator_0_0 is either unconnected or has no load
INFO: [Synth 8-7129] Port s00_axi_arprot[2] in module design_1_math_accelerator_0_0 is either unconnected or has no load
INFO: [Synth 8-7129] Port s00_axi_arprot[1] in module design_1_math_accelerator_0_0 is either unconnected or has no load
INFO: [Synth 8-7129] Port s00_axi_arprot[0] in module design_1_math_accelerator_0_0 is either unconnected or has no load
---------------------------------------------------------------------------------
Finished Cross Boundary and Area Optimization : Time (s): cpu = 00:00:10 ; elapsed = 00:00:10 . Memory (MB): peak = 2641.617 ; gain = 744.586 ; free physical = 201 ; free virtual = 4870
---------------------------------------------------------------------------------
No constraint files found.
---------------------------------------------------------------------------------
Start Timing Optimization
---------------------------------------------------------------------------------
---------------------------------------------------------------------------------
Finished Timing Optimization : Time (s): cpu = 00:00:10 ; elapsed = 00:00:10 . Memory (MB): peak = 2641.617 ; gain = 744.586 ; free physical = 201 ; free virtual = 4870
---------------------------------------------------------------------------------
---------------------------------------------------------------------------------
Start Technology Mapping
---------------------------------------------------------------------------------
---------------------------------------------------------------------------------
Finished Technology Mapping : Time (s): cpu = 00:00:10 ; elapsed = 00:00:10 . Memory (MB): peak = 2641.617 ; gain = 744.586 ; free physical = 200 ; free virtual = 4870
---------------------------------------------------------------------------------
---------------------------------------------------------------------------------
Start IO Insertion
---------------------------------------------------------------------------------
---------------------------------------------------------------------------------
Start Flattening Before IO Insertion
---------------------------------------------------------------------------------
---------------------------------------------------------------------------------
Finished Flattening Before IO Insertion
---------------------------------------------------------------------------------
---------------------------------------------------------------------------------
Start Final Netlist Cleanup
---------------------------------------------------------------------------------
---------------------------------------------------------------------------------
Finished Final Netlist Cleanup
---------------------------------------------------------------------------------
---------------------------------------------------------------------------------
Finished IO Insertion : Time (s): cpu = 00:00:12 ; elapsed = 00:00:13 . Memory (MB): peak = 2761.430 ; gain = 864.398 ; free physical = 182 ; free virtual = 4648
---------------------------------------------------------------------------------
---------------------------------------------------------------------------------
Start Renaming Generated Instances
---------------------------------------------------------------------------------
---------------------------------------------------------------------------------
Finished Renaming Generated Instances : Time (s): cpu = 00:00:12 ; elapsed = 00:00:13 . Memory (MB): peak = 2761.430 ; gain = 864.398 ; free physical = 182 ; free virtual = 4648
---------------------------------------------------------------------------------
---------------------------------------------------------------------------------
Start Rebuilding User Hierarchy
---------------------------------------------------------------------------------
---------------------------------------------------------------------------------
Finished Rebuilding User Hierarchy : Time (s): cpu = 00:00:12 ; elapsed = 00:00:13 . Memory (MB): peak = 2761.430 ; gain = 864.398 ; free physical = 182 ; free virtual = 4648
---------------------------------------------------------------------------------
---------------------------------------------------------------------------------
Start Renaming Generated Ports
---------------------------------------------------------------------------------
---------------------------------------------------------------------------------
Finished Renaming Generated Ports : Time (s): cpu = 00:00:12 ; elapsed = 00:00:13 . Memory (MB): peak = 2761.430 ; gain = 864.398 ; free physical = 182 ; free virtual = 4648
---------------------------------------------------------------------------------
---------------------------------------------------------------------------------
Start Handling Custom Attributes
---------------------------------------------------------------------------------
---------------------------------------------------------------------------------
Finished Handling Custom Attributes : Time (s): cpu = 00:00:12 ; elapsed = 00:00:13 . Memory (MB): peak = 2761.430 ; gain = 864.398 ; free physical = 182 ; free virtual = 4648
---------------------------------------------------------------------------------
---------------------------------------------------------------------------------
Start Renaming Generated Nets
---------------------------------------------------------------------------------
---------------------------------------------------------------------------------
Finished Renaming Generated Nets : Time (s): cpu = 00:00:12 ; elapsed = 00:00:13 . Memory (MB): peak = 2761.430 ; gain = 864.398 ; free physical = 182 ; free virtual = 4648
---------------------------------------------------------------------------------
---------------------------------------------------------------------------------
Start Writing Synthesis Report
---------------------------------------------------------------------------------

Report BlackBoxes: 
+-+--------------+----------+
| |BlackBox name |Instances |
+-+--------------+----------+
+-+--------------+----------+

Report Cell Usage: 
+------+-------+------+
|      |Cell   |Count |
+------+-------+------+
|1     |CARRY4 |     8|
|2     |LUT1   |     1|
|3     |LUT2   |     2|
|4     |LUT3   |     2|
|5     |LUT5   |     4|
|6     |LUT6   |    52|
|7     |FDRE   |   109|
+------+-------+------+
---------------------------------------------------------------------------------
Finished Writing Synthesis Report : Time (s): cpu = 00:00:12 ; elapsed = 00:00:13 . Memory (MB): peak = 2761.430 ; gain = 864.398 ; free physical = 182 ; free virtual = 4648
---------------------------------------------------------------------------------
Synthesis finished with 0 errors, 0 critical warnings and 0 warnings.
Synthesis Optimization Runtime : Time (s): cpu = 00:00:11 ; elapsed = 00:00:12 . Memory (MB): peak = 2761.430 ; gain = 761.625 ; free physical = 182 ; free virtual = 4648
Synthesis Optimization Complete : Time (s): cpu = 00:00:12 ; elapsed = 00:00:13 . Memory (MB): peak = 2764.398 ; gain = 864.398 ; free physical = 182 ; free virtual = 4648
INFO: [Project 1-571] Translating synthesized netlist
Netlist sorting complete. Time (s): cpu = 00:00:00 ; elapsed = 00:00:00 . Memory (MB): peak = 2775.305 ; gain = 0.000 ; free physical = 166 ; free virtual = 4633
INFO: [Netlist 29-17] Analyzing 8 Unisim elements for replacement
INFO: [Netlist 29-28] Unisim Transformation completed in 0 CPU seconds
INFO: [Project 1-570] Preparing netlist for logic optimization
INFO: [Opt 31-138] Pushed 0 inverter(s) to 0 load pin(s).
Netlist sorting complete. Time (s): cpu = 00:00:00 ; elapsed = 00:00:00 . Memory (MB): peak = 2926.957 ; gain = 0.000 ; free physical = 271 ; free virtual = 4601
INFO: [Project 1-111] Unisim Transformation Summary:
No Unisim elements were transformed.

Synth Design complete | Checksum: 6f1cd2a4
INFO: [Common 17-83] Releasing license: Vivado_Synthesis
44 Infos, 1 Warnings, 0 Critical Warnings and 0 Errors encountered.
synth_design completed successfully
synth_design: Time (s): cpu = 00:00:18 ; elapsed = 00:00:16 . Memory (MB): peak = 2929.926 ; gain = 1222.473 ; free physical = 270 ; free virtual = 4534
INFO: [Common 17-2834] synth_design peak Physical Memory [PSS] (MB): overall = 1715.790; main = 1715.790; forked = 196.291
INFO: [Common 17-2834] synth_design peak Virtual Memory [VSS] (MB): overall = 3678.840; main = 2929.930; forked = 1037.219
Write ShapeDB Complete: Time (s): cpu = 00:00:00.01 ; elapsed = 00:00:00 . Memory (MB): peak = 2953.938 ; gain = 0.000 ; free physical = 269 ; free virtual = 4534
INFO: [Common 17-1381] The checkpoint '/home/adam-lorenz/Main/Vivado_Projects/loopback_project/loopback_project.runs/design_1_math_accelerator_0_0_synth_1/design_1_math_accelerator_0_0.dcp' has been generated.
INFO: [Ipptcl 7-1612] Added synthesis output to IP cache for IP design_1_math_accelerator_0_0, cache-ID = 11fab52f68231e35
INFO: [Coretcl 2-1174] Renamed 2 cell refs.
Write ShapeDB Complete: Time (s): cpu = 00:00:00 ; elapsed = 00:00:00 . Memory (MB): peak = 2953.938 ; gain = 0.000 ; free physical = 251 ; free virtual = 4519
INFO: [Common 17-1381] The checkpoint '/home/adam-lorenz/Main/Vivado_Projects/loopback_project/loopback_project.runs/design_1_math_accelerator_0_0_synth_1/design_1_math_accelerator_0_0.dcp' has been generated.
INFO: [Vivado 12-24828] Executing command : report_utilization -file design_1_math_accelerator_0_0_utilization_synth.rpt -pb design_1_math_accelerator_0_0_utilization_synth.pb
INFO: [Common 17-206] Exiting Vivado at Fri Aug 28 14:43:10 2026...
