#-----------------------------------------------------------
# Vivado v2026.1 (64-bit)
# SW Build 6511674 on Tue Jun 16 11:01:26 MDT 2026
# IP Build 6504888 on Tue Jun 09 09:05:25 MDT 2026
# SharedData Build 6501428 on Mon Jun 08 17:34:18 MDT 2026
# Start of session at: Sat Aug 29 20:57:12 2026
# Process ID         : 53888
# Current directory  : /home/adam-lorenz/Main/Vivado_Projects/loopback_project/loopback_project.runs/synth_1
# Command line       : vivado -log design_1_wrapper.vds -product Vivado -mode batch -messageDb vivado.pb -notrace -source design_1_wrapper.tcl
# Log file           : /home/adam-lorenz/Main/Vivado_Projects/loopback_project/loopback_project.runs/synth_1/design_1_wrapper.vds
# Journal file       : /home/adam-lorenz/Main/Vivado_Projects/loopback_project/loopback_project.runs/synth_1/vivado.jou
# Running On         : adam-lorenz-MS-7D43
# Platform           : Ubuntu
# Operating System   : Ubuntu 24.04.4 LTS
# Processor Detail   : 12th Gen Intel(R) Core(TM) i5-12400
# CPU Frequency      : 4000.289 MHz
# CPU Physical cores : 6
# CPU Logical cores  : 12
# Host memory        : 16540 MB
# Swap memory        : 4294 MB
# Total Virtual      : 20835 MB
# Available Virtual  : 13091 MB
#-----------------------------------------------------------
source design_1_wrapper.tcl -notrace
